[    0.000000] Linux version 4.15.0-64-generic (buildd@lgw01-amd64-038) (gcc version 7.4.0 (Ubuntu 7.4.0-1ubuntu1~18.04.1)) #73-Ubuntu SMP Thu Sep 12 13:16:13 UTC 2019 (Ubuntu 4.15.0-64.73-generic 4.15.18)
[    0.000000] Command line: BOOT_IMAGE=/boot/vmlinuz-4.15.0-64-generic root=LABEL=cloudimg-rootfs ro console=tty1 console=ttyS0
[    0.000000] KERNEL supported cpus:
[    0.000000]   Intel GenuineIntel
[    0.000000]   AMD AuthenticAMD
[    0.000000]   Centaur CentaurHauls
[    0.000000] x86/fpu: Supporting XSAVE feature 0x001: 'x87 floating point registers'
[    0.000000] x86/fpu: Supporting XSAVE feature 0x002: 'SSE registers'
[    0.000000] x86/fpu: Supporting XSAVE feature 0x004: 'AVX registers'
[    0.000000] x86/fpu: xstate_offset[2]:  576, xstate_sizes[2]:  256
[    0.000000] x86/fpu: Enabled xstate features 0x7, context size is 832 bytes, using 'standard' format.
[    0.000000] e820: BIOS-provided physical RAM map:
[    0.000000] BIOS-e820: [mem 0x0000000000000000-0x000000000009fbff] usable
[    0.000000] BIOS-e820: [mem 0x000000000009fc00-0x000000000009ffff] reserved
[    0.000000] BIOS-e820: [mem 0x00000000000f0000-0x00000000000fffff] reserved
[    0.000000] BIOS-e820: [mem 0x0000000000100000-0x000000003ffeffff] usable
[    0.000000] BIOS-e820: [mem 0x000000003fff0000-0x000000003fffffff] ACPI data
[    0.000000] BIOS-e820: [mem 0x00000000fec00000-0x00000000fec00fff] reserved
[    0.000000] BIOS-e820: [mem 0x00000000fee00000-0x00000000fee00fff] reserved
[    0.000000] BIOS-e820: [mem 0x00000000fffc0000-0x00000000ffffffff] reserved
[    0.000000] NX (Execute Disable) protection: active
[    0.000000] SMBIOS 2.5 present.
[    0.000000] DMI: innotek GmbH VirtualBox/VirtualBox, BIOS VirtualBox 12/01/2006
[    0.000000] Hypervisor detected: KVM
[    0.000000] e820: last_pfn = 0x3fff0 max_arch_pfn = 0x400000000
[    0.000000] MTRR: Disabled
[    0.000000] x86/PAT: MTRRs disabled, skipping PAT initialization too.
[    0.000000] CPU MTRRs all blank - virtualized system.
[    0.000000] x86/PAT: Configuration [0-7]: WB  WT  UC- UC  WB  WT  UC- UC  
[    0.000000] found SMP MP-table at [mem 0x0009fff0-0x0009ffff]
[    0.000000] Scanning 1 areas for low memory corruption
[    0.000000] RAMDISK: [mem 0x35a8b000-0x36d3cfff]
[    0.000000] ACPI: Early table checksum verification disabled
[    0.000000] ACPI: RSDP 0x00000000000E0000 000024 (v02 VBOX  )
[    0.000000] ACPI: XSDT 0x000000003FFF0030 00003C (v01 VBOX   VBOXXSDT 00000001 ASL  00000061)
[    0.000000] ACPI: FACP 0x000000003FFF00F0 0000F4 (v04 VBOX   VBOXFACP 00000001 ASL  00000061)
[    0.000000] ACPI: DSDT 0x000000003FFF0470 0022EA (v02 VBOX   VBOXBIOS 00000002 INTL 20100528)
[    0.000000] ACPI: FACS 0x000000003FFF0200 000040
[    0.000000] ACPI: FACS 0x000000003FFF0200 000040
[    0.000000] ACPI: APIC 0x000000003FFF0240 00005C (v02 VBOX   VBOXAPIC 00000001 ASL  00000061)
[    0.000000] ACPI: SSDT 0x000000003FFF02A0 0001CC (v01 VBOX   VBOXCPUT 00000002 INTL 20100528)
[    0.000000] No NUMA configuration found
[    0.000000] Faking a node at [mem 0x0000000000000000-0x000000003ffeffff]
[    0.000000] NODE_DATA(0) allocated [mem 0x3ffc5000-0x3ffeffff]
[    0.000000] kvm-clock: cpu 0, msr 0:3ff44001, primary cpu clock
[    0.000000] kvm-clock: Using msrs 4b564d01 and 4b564d00
[    0.000000] kvm-clock: using sched offset of 5105214641 cycles
[    0.000000] clocksource: kvm-clock: mask: 0xffffffffffffffff max_cycles: 0x1cd42e4dffb, max_idle_ns: 881590591483 ns
[    0.000000] Zone ranges:
[    0.000000]   DMA      [mem 0x0000000000001000-0x0000000000ffffff]
[    0.000000]   DMA32    [mem 0x0000000001000000-0x000000003ffeffff]
[    0.000000]   Normal   empty
[    0.000000]   Device   empty
[    0.000000] Movable zone start for each node
[    0.000000] Early memory node ranges
[    0.000000]   node   0: [mem 0x0000000000001000-0x000000000009efff]
[    0.000000]   node   0: [mem 0x0000000000100000-0x000000003ffeffff]
[    0.000000] Reserved but unavailable: 98 pages
[    0.000000] Initmem setup node 0 [mem 0x0000000000001000-0x000000003ffeffff]
[    0.000000] ACPI: PM-Timer IO Port: 0x4008
[    0.000000] IOAPIC[0]: apic_id 2, version 32, address 0xfec00000, GSI 0-23
[    0.000000] ACPI: INT_SRC_OVR (bus 0 bus_irq 0 global_irq 2 dfl dfl)
[    0.000000] ACPI: INT_SRC_OVR (bus 0 bus_irq 9 global_irq 9 low level)
[    0.000000] Using ACPI (MADT) for SMP configuration information
[    0.000000] smpboot: Allowing 2 CPUs, 0 hotplug CPUs
[    0.000000] PM: Registered nosave memory: [mem 0x00000000-0x00000fff]
[    0.000000] PM: Registered nosave memory: [mem 0x0009f000-0x0009ffff]
[    0.000000] PM: Registered nosave memory: [mem 0x000a0000-0x000effff]
[    0.000000] PM: Registered nosave memory: [mem 0x000f0000-0x000fffff]
[    0.000000] e820: [mem 0x40000000-0xfebfffff] available for PCI devices
[    0.000000] Booting paravirtualized kernel on KVM
[    0.000000] clocksource: refined-jiffies: mask: 0xffffffff max_cycles: 0xffffffff, max_idle_ns: 7645519600211568 ns
[    0.000000] random: get_random_bytes called from start_kernel+0x99/0x4fd with crng_init=0
[    0.000000] setup_percpu: NR_CPUS:8192 nr_cpumask_bits:2 nr_cpu_ids:2 nr_node_ids:1
[    0.000000] percpu: Embedded 46 pages/cpu s151552 r8192 d28672 u1048576
[    0.000000] PV qspinlock hash table entries: 256 (order: 0, 4096 bytes)
[    0.000000] Built 1 zonelists, mobility grouping on.  Total pages: 257913
[    0.000000] Policy zone: DMA32
[    0.000000] Kernel command line: BOOT_IMAGE=/boot/vmlinuz-4.15.0-64-generic root=LABEL=cloudimg-rootfs ro console=tty1 console=ttyS0
[    0.000000] Memory: 983440K/1048120K available (12300K kernel code, 2481K rwdata, 4172K rodata, 2436K init, 2384K bss, 64680K reserved, 0K cma-reserved)
[    0.000000] SLUB: HWalign=64, Order=0-3, MinObjects=0, CPUs=2, Nodes=1
[    0.000000] Kernel/User page tables isolation: enabled
[    0.000000] ftrace: allocating 39306 entries in 154 pages
[    0.004000] Hierarchical RCU implementation.
[    0.004000] 	RCU restricting CPUs from NR_CPUS=8192 to nr_cpu_ids=2.
[    0.004000] 	Tasks RCU enabled.
[    0.004000] RCU: Adjusting geometry for rcu_fanout_leaf=16, nr_cpu_ids=2
[    0.004000] NR_IRQS: 524544, nr_irqs: 440, preallocated irqs: 16
[    0.004000] Console: colour VGA+ 80x25
[    0.004000] console [tty1] enabled
[    0.004000] console [ttyS0] enabled
[    0.004000] ACPI: Core revision 20170831
[    0.004000] ACPI: 2 ACPI AML tables successfully acquired and loaded
[    0.004000] APIC: Switch to symmetric I/O mode setup
[    0.004000] x2apic enabled
[    0.004000] Switched APIC routing to physical x2apic.
[    0.004000] ..TIMER: vector=0x30 apic1=0 pin1=2 apic2=-1 pin2=-1
[    0.004004] tsc: Detected 2304.000 MHz processor
[    0.004963] Calibrating delay loop (skipped) preset value.. 4608.00 BogoMIPS (lpj=9216000)
[    0.005693] pid_max: default: 32768 minimum: 301
[    0.008030] Security Framework initialized
[    0.008816] Yama: becoming mindful.
[    0.009528] AppArmor: AppArmor initialized
[    0.012045] Dentry cache hash table entries: 131072 (order: 8, 1048576 bytes)
[    0.013240] Inode-cache hash table entries: 65536 (order: 7, 524288 bytes)
[    0.016013] Mount-cache hash table entries: 2048 (order: 2, 16384 bytes)
[    0.017332] Mountpoint-cache hash table entries: 2048 (order: 2, 16384 bytes)
[    0.018732] Last level iTLB entries: 4KB 64, 2MB 8, 4MB 8
[    0.020002] Last level dTLB entries: 4KB 64, 2MB 0, 4MB 0, 1GB 4
[    0.021026] Spectre V1 : Mitigation: usercopy/swapgs barriers and __user pointer sanitization
[    0.022431] Spectre V2 : Mitigation: Full generic retpoline
[    0.023347] Spectre V2 : Spectre v2 / SpectreRSB mitigation: Filling RSB on context switch
[    0.024002] Speculative Store Bypass: Vulnerable
[    0.024840] MDS: Vulnerable: Clear CPU buffers attempted, no microcode
[    0.026040] Freeing SMP alternatives memory: 36K
[    0.032000] smpboot: CPU0: Intel(R) Core(TM) i5-8300H CPU @ 2.30GHz (family: 0x6, model: 0x9e, stepping: 0xa)
[    0.032000] Performance Events: unsupported p6 CPU model 158 no PMU driver, software events only.
[    0.032039] Hierarchical SRCU implementation.
[    0.033283] NMI watchdog: Perf event create on CPU 0 failed with -2
[    0.034879] NMI watchdog: Perf NMI watchdog permanently disabled
[    0.036061] smp: Bringing up secondary CPUs ...
[    0.036931] x86: Booting SMP configuration:
[    0.037683] .... node  #0, CPUs:      #1
[    0.004000] kvm-clock: cpu 1, msr 0:3ff44041, secondary cpu clock
[    0.042561] smp: Brought up 1 node, 2 CPUs
[    0.042561] smpboot: Max logical packages: 1
[    0.044005] smpboot: Total of 2 processors activated (9216.00 BogoMIPS)
[    0.045362] devtmpfs: initialized
[    0.045362] x86/mm: Memory block size: 128MB
[    0.046173] evm: security.selinux
[    0.048009] evm: security.SMACK64
[    0.048792] evm: security.SMACK64EXEC
[    0.049487] evm: security.SMACK64TRANSMUTE
[    0.050263] evm: security.SMACK64MMAP
[    0.051057] evm: security.apparmor
[    0.052008] evm: security.ima
[    0.052769] evm: security.capability
[    0.053591] clocksource: jiffies: mask: 0xffffffff max_cycles: 0xffffffff, max_idle_ns: 7645041785100000 ns
[    0.053815] futex hash table entries: 512 (order: 3, 32768 bytes)
[    0.058398] pinctrl core: initialized pinctrl subsystem
[    0.060090] RTC time: 17:02:52, date: 09/25/19
[    0.061139] NET: Registered protocol family 16
[    0.062163] audit: initializing netlink subsys (disabled)
[    0.064162] audit: type=2000 audit(1569430978.830:1): state=initialized audit_enabled=0 res=1
[    0.065820] cpuidle: using governor ladder
[    0.065820] cpuidle: using governor menu
[    0.065820] ACPI: bus type PCI registered
[    0.068004] acpiphp: ACPI Hot Plug PCI Controller Driver version: 0.5
[    0.069150] PCI: Using configuration type 1 for base access
[    0.072015] HugeTLB registered 2.00 MiB page size, pre-allocated 0 pages
[    0.073211] ACPI: Added _OSI(Module Device)
[    0.073211] ACPI: Added _OSI(Processor Device)
[    0.076003] ACPI: Added _OSI(3.0 _SCP Extensions)
[    0.076864] ACPI: Added _OSI(Processor Aggregator Device)
[    0.077828] ACPI: Added _OSI(Linux-Dell-Video)
[    0.078901] ACPI: Added _OSI(Linux-Lenovo-NV-HDMI-Audio)
[    0.080032] ACPI: Added _OSI(Linux-HPI-Hybrid-Graphics)
[    0.081600] ACPI: Executed 1 blocks of module-level executable AML code
[    0.087339] ACPI: Interpreter enabled
[    0.088000] ACPI: (supports S0 S5)
[    0.088004] ACPI: Using IOAPIC for interrupt routing
[    0.089411] PCI: Using host bridge windows from ACPI; if necessary, use "pci=nocrs" and report a bug
[    0.091549] ACPI: Enabled 2 GPEs in block 00 to 07
[    0.099261] ACPI: PCI Root Bridge [PCI0] (domain 0000 [bus 00-ff])
[    0.100008] acpi PNP0A03:00: _OSC: OS supports [ASPM ClockPM Segments MSI]
[    0.101759] acpi PNP0A03:00: _OSC: not requesting OS control; OS requires [ExtendedConfig ASPM ClockPM MSI]
[    0.104010] acpi PNP0A03:00: fail to add MMCONFIG information, can't access extended PCI configuration space under this bridge.
[    0.106296] PCI host bridge to bus 0000:00
[    0.107084] pci_bus 0000:00: root bus resource [io  0x0000-0x0cf7 window]
[    0.108000] pci_bus 0000:00: root bus resource [io  0x0d00-0xffff window]
[    0.108005] pci_bus 0000:00: root bus resource [mem 0x000a0000-0x000bffff window]
[    0.109396] pci_bus 0000:00: root bus resource [mem 0x40000000-0xfdffffff window]
[    0.112010] pci_bus 0000:00: root bus resource [bus 00-ff]
[    0.116099] pci 0000:00:01.1: legacy IDE quirk: reg 0x10: [io  0x01f0-0x01f7]
[    0.117449] pci 0000:00:01.1: legacy IDE quirk: reg 0x14: [io  0x03f6]
[    0.118571] pci 0000:00:01.1: legacy IDE quirk: reg 0x18: [io  0x0170-0x0177]
[    0.119821] pci 0000:00:01.1: legacy IDE quirk: reg 0x1c: [io  0x0376]
[    0.135555] pci 0000:00:07.0: quirk: [io  0x4000-0x403f] claimed by PIIX4 ACPI
[    0.136013] pci 0000:00:07.0: quirk: [io  0x4100-0x410f] claimed by PIIX4 SMB
[    0.142602] ACPI: PCI Interrupt Link [LNKA] (IRQs 5 9 10 *11)
[    0.144000] ACPI: PCI Interrupt Link [LNKB] (IRQs 5 9 *10 11)
[    0.144141] ACPI: PCI Interrupt Link [LNKC] (IRQs 5 *9 10 11)
[    0.145394] ACPI: PCI Interrupt Link [LNKD] (IRQs 5 9 10 *11)
[    0.147051] SCSI subsystem initialized
[    0.148042] pci 0000:00:02.0: vgaarb: setting as boot VGA device
[    0.149042] pci 0000:00:02.0: vgaarb: VGA device added: decodes=io+mem,owns=io+mem,locks=none
[    0.150554] pci 0000:00:02.0: vgaarb: bridge control possible
[    0.152009] vgaarb: loaded
[    0.152583] ACPI: bus type USB registered
[    0.153354] usbcore: registered new interface driver usbfs
[    0.154298] usbcore: registered new interface driver hub
[    0.156014] usbcore: registered new device driver usb
[    0.156921] EDAC MC: Ver: 3.0.0
[    0.156921] PCI: Using ACPI for IRQ routing
[    0.157118] NetLabel: Initializing
[    0.157771] NetLabel:  domain hash size = 128
[    0.160005] NetLabel:  protocols = UNLABELED CIPSOv4 CALIPSO
[    0.161015] NetLabel:  unlabeled traffic allowed by default
[    0.162121] clocksource: Switched to clocksource kvm-clock
[    0.176281] VFS: Disk quotas dquot_6.6.0
[    0.177310] VFS: Dquot-cache hash table entries: 512 (order 0, 4096 bytes)
[    0.178838] AppArmor: AppArmor Filesystem Enabled
[    0.179747] pnp: PnP ACPI init
[    0.181352] pnp: PnP ACPI: found 3 devices
[    0.191261] clocksource: acpi_pm: mask: 0xffffff max_cycles: 0xffffff, max_idle_ns: 2085701024 ns
[    0.192908] NET: Registered protocol family 2
[    0.196691] TCP established hash table entries: 8192 (order: 4, 65536 bytes)
[    0.197866] TCP bind hash table entries: 8192 (order: 5, 131072 bytes)
[    0.198943] TCP: Hash tables configured (established 8192 bind 8192)
[    0.200084] UDP hash table entries: 512 (order: 2, 16384 bytes)
[    0.201099] UDP-Lite hash table entries: 512 (order: 2, 16384 bytes)
[    0.202179] NET: Registered protocol family 1
[    0.202969] pci 0000:00:00.0: Limiting direct PCI/PCI transfers
[    0.203988] pci 0000:00:01.0: Activating ISA DMA hang workarounds
[    0.205080] pci 0000:00:02.0: Video device with shadowed ROM at [mem 0x000c0000-0x000dffff]
[    0.206675] Unpacking initramfs...
[    0.468302] Freeing initrd memory: 19144K
[    0.469134] clocksource: tsc: mask: 0xffffffffffffffff max_cycles: 0x2135f7c97c8, max_idle_ns: 440795273205 ns
[    0.470989] platform rtc_cmos: registered platform RTC device (no PNP device found)
[    0.472362] Scanning for low memory corruption every 60 seconds
[    0.474355] Initialise system trusted keyrings
[    0.475178] Key type blacklist registered
[    0.476090] workingset: timestamp_bits=36 max_order=18 bucket_order=0
[    0.478156] zbud: loaded
[    0.479221] squashfs: version 4.0 (2009/01/31) Phillip Lougher
[    0.480556] fuse init (API version 7.26)
[    0.483937] Key type asymmetric registered
[    0.484765] Asymmetric key parser 'x509' registered
[    0.485690] Block layer SCSI generic (bsg) driver version 0.4 loaded (major 246)
[    0.487105] io scheduler noop registered
[    0.487860] io scheduler deadline registered
[    0.488720] io scheduler cfq registered (default)
[    0.489866] ACPI: AC Adapter [AC] (on-line)
[    0.490677] input: Power Button as /devices/LNXSYSTM:00/LNXPWRBN:00/input/input0
[    0.492094] ACPI: Power Button [PWRF]
[    0.492875] input: Sleep Button as /devices/LNXSYSTM:00/LNXSLPBN:00/input/input1
[    0.494282] ACPI: Sleep Button [SLPF]
[    0.496150] ACPI: Battery Slot [BAT0] (battery present)
[    0.497090] Serial: 8250/16550 driver, 32 ports, IRQ sharing enabled
[    0.518803] 00:02: ttyS0 at I/O 0x3f8 (irq = 4, base_baud = 115200) is a 16550A
[    0.523893] Linux agpgart interface v0.103
[    0.526295] loop: module loaded
[    0.527510] scsi host0: ata_piix
[    0.528559] scsi host1: ata_piix
[    0.529214] ata1: PATA max UDMA/33 cmd 0x1f0 ctl 0x3f6 bmdma 0xd000 irq 14
[    0.530387] ata2: PATA max UDMA/33 cmd 0x170 ctl 0x376 bmdma 0xd008 irq 15
[    0.532099] libphy: Fixed MDIO Bus: probed
[    0.532842] tun: Universal TUN/TAP device driver, 1.6
[    0.533863] PPP generic driver version 2.4.2
[    0.534797] ehci_hcd: USB 2.0 'Enhanced' Host Controller (EHCI) Driver
[    0.535997] ehci-pci: EHCI PCI platform driver
[    0.536888] ehci-platform: EHCI generic platform driver
[    0.537832] ohci_hcd: USB 1.1 'Open' Host Controller (OHCI) Driver
[    0.538886] ohci-pci: OHCI PCI platform driver
[    0.539676] ohci-platform: OHCI generic platform driver
[    0.540662] uhci_hcd: USB Universal Host Controller Interface driver
[    0.541764] i8042: PNP: PS/2 Controller [PNP0303:PS2K,PNP0f03:PS2M] at 0x60,0x64 irq 1,12
[    0.544098] serio: i8042 KBD port at 0x60,0x64 irq 1
[    0.545134] serio: i8042 AUX port at 0x60,0x64 irq 12
[    0.546447] mousedev: PS/2 mouse device common for all mice
[    0.548183] rtc_cmos rtc_cmos: rtc core: registered rtc_cmos as rtc0
[    0.549315] input: AT Translated Set 2 keyboard as /devices/platform/i8042/serio0/input/input2
[    0.550820] rtc_cmos rtc_cmos: alarms up to one day, 114 bytes nvram
[    0.551941] i2c /dev entries driver
[    0.552658] device-mapper: uevent: version 1.0.3
[    0.553592] device-mapper: ioctl: 4.37.0-ioctl (2017-09-20) initialised: dm-devel@redhat.com
[    0.555182] ledtrig-cpu: registered to indicate activity on CPUs
[    0.556718] NET: Registered protocol family 10
[    0.561629] Segment Routing with IPv6
[    0.562389] NET: Registered protocol family 17
[    0.563296] Key type dns_resolver registered
[    0.564355] mce: Using 0 MCE banks
[    0.565064] RAS: Correctable Errors collector initialized.
[    0.566157] sched_clock: Marking stable (564325962, 0)->(834603380, -270277418)
[    0.568123] registered taskstats version 1
[    0.568867] Loading compiled-in X.509 certificates
[    0.572110] Loaded X.509 cert 'Build time autogenerated kernel key: 9ff85db0b1f72c0c954e4d2eaca5a9366845820b'
[    0.573833] zswap: loaded using pool lzo/zbud
[    0.578217] Key type big_key registered
[    0.578993] Key type trusted registered
[    0.581743] Key type encrypted registered
[    0.582490] AppArmor: AppArmor sha1 policy hashing enabled
[    0.583493] ima: No TPM chip found, activating TPM-bypass! (rc=-19)
[    0.584578] ima: Allocated hash algorithm: sha1
[    0.585523] evm: HMAC attrs: 0x1
[    0.586438]   Magic number: 3:662:37
[    0.587155] bdi 7:2: hash matches
[    0.587971] rtc_cmos rtc_cmos: setting system clock to 2019-09-25 17:02:52 UTC (1569430972)
[    0.589655] BIOS EDD facility v0.16 2004-Jun-25, 0 devices found
[    0.590745] EDD information not available.
[    0.696575] Freeing unused kernel image memory: 2436K
[    0.708398] Write protecting the kernel read-only data: 20480k
[    0.709986] Freeing unused kernel image memory: 2008K
[    0.711218] Freeing unused kernel image memory: 1972K
[    0.718765] x86/mm: Checked W+X mappings: passed, no W+X pages found.
[    0.719896] x86/mm: Checking user space page tables
[    0.727215] x86/mm: Checked W+X mappings: passed, no W+X pages found.
Loading, please wait...
starting version 237
[    0.786384] e1000: Intel(R) PRO/1000 Network Driver - version 7.3.21-k8-NAPI
[    0.787693] e1000: Copyright (c) 1999-2006 Intel Corporation.
[    0.790642] Fusion MPT base driver 3.04.20
[    0.791384] Copyright (c) 1999-2008 LSI Corporation
[    0.805768] Fusion MPT SPI Host driver 3.04.20
[    0.809686] AVX2 version of gcm_enc/dec engaged.
[    0.810499] AES CTR mode by8 optimization enabled
[    1.009361] input: ImExPS/2 Generic Explorer Mouse as /devices/platform/i8042/serio1/input/input4
[    1.206299] e1000 0000:00:03.0 eth0: (PCI:33MHz:32-bit) 02:ab:ce:93:e0:e3
[    1.208420] e1000 0000:00:03.0 eth0: Intel(R) PRO/1000 Network Connection
[    1.212086] e1000 0000:00:03.0 enp0s3: renamed from eth0
[    1.212183] mptbase: ioc0: Initiating bringup
[    1.449060] ioc0: LSI53C1030 A0: Capabilities={Initiator}
[    1.820505] scsi host2: ioc0: LSI53C1030 A0, FwRev=00000000h, Ports=1, MaxQ=256, IRQ=20
[    2.721046] scsi 2:0:0:0: Direct-Access     VBOX     HARDDISK         1.0  PQ: 0 ANSI: 5
[    2.870612] scsi target2:0:0: Beginning Domain Validation
[    2.878885] scsi target2:0:0: Domain Validation skipping write tests
[    2.883626] scsi target2:0:0: Ending Domain Validation
[    2.887078] scsi target2:0:0: asynchronous
[    2.889853] scsi 2:0:1:0: Direct-Access     VBOX     HARDDISK         1.0  PQ: 0 ANSI: 5
[    3.461205] scsi target2:0:1: Beginning Domain Validation
[    3.470936] random: fast init done
[    3.474754] scsi target2:0:1: Domain Validation skipping write tests
[    3.479331] scsi target2:0:1: Ending Domain Validation
[    3.483549] scsi target2:0:1: asynchronous
[    3.495775] random: systemd-udevd: uninitialized urandom read (16 bytes read)
[    3.495806] sd 2:0:0:0: Attached scsi generic sg0 type 0
[    3.498451] random: systemd-udevd: uninitialized urandom read (16 bytes read)
[    3.500642] sd 2:0:1:0: Attached scsi generic sg1 type 0
[    3.502976] random: systemd-udevd: uninitialized urandom read (16 bytes read)
[    3.508472] sd 2:0:0:0: [sda] 20971520 512-byte logical blocks: (10.7 GB/10.0 GiB)
[    3.511284] sd 2:0:1:0: [sdb] 20480 512-byte logical blocks: (10.5 MB/10.0 MiB)
[    3.514139] sd 2:0:0:0: [sda] Write Protect is off
[    3.515808] sd 2:0:1:0: [sdb] Write Protect is off
[    3.516862] sd 2:0:0:0: [sda] Incomplete mode parameter data
[    3.517902] sd 2:0:0:0: [sda] Assuming drive cache: write through
[    3.518935] sd 2:0:1:0: [sdb] Incomplete mode parameter data
[    3.519926] sd 2:0:1:0: [sdb] Assuming drive cache: write through
[    3.524286]  sda: sda1
[    3.525766] sd 2:0:0:0: [sda] Attached SCSI disk
[    3.551437] sd 2:0:1:0: [sdb] Attached SCSI disk
Begin: Loading essential drivers ... [    5.140495] raid6: sse2x1   gen() 13352 MB/s
[    5.188271] raid6: sse2x1   xor()  9850 MB/s
[    5.236099] raid6: sse2x2   gen() 14627 MB/s
[    5.284020] raid6: sse2x2   xor() 11050 MB/s
[    5.332759] raid6: sse2x4   gen() 19007 MB/s
[    5.380604] raid6: sse2x4   xor() 11798 MB/s
[    5.428394] raid6: avx2x1   gen() 27656 MB/s
[    5.476223] raid6: avx2x1   xor() 19367 MB/s
[    5.524037] raid6: avx2x2   gen() 33606 MB/s
[    5.572014] raid6: avx2x2   xor() 20863 MB/s
[    5.620686] raid6: avx2x4   gen() 38059 MB/s
[    5.668491] raid6: avx2x4   xor() 23094 MB/s
[    5.669243] raid6: using algorithm avx2x4 gen() 38059 MB/s
[    5.670171] raid6: .... xor() 23094 MB/s, rmw enabled
[    5.671131] raid6: using avx2x2 recovery algorithm
[    5.673005] xor: automatically using best checksumming function   avx       
[    5.675095] async_tx: api initialized (async)
done.
Begin: Running /scripts/init-premount ... done.
Begin: Mounting root file system ... Begin: Running /scripts/local-top ... done.
Begin: Running /scripts/local-premount ... [    5.710965] Btrfs loaded, crc32c=crc32c-intel
Scanning for Btrfs filesystems
done.
Warning: fsck not present, so skipping root file system
[    5.871515] EXT4-fs (sda1): mounted filesystem with ordered data mode. Opts: (null)
done.
Begin: Running /scripts/local-bottom ... done.
Begin: Running /scripts/init-bottom ... done.
[    6.724688] ip_tables: (C) 2000-2006 Netfilter Core Team
[    6.763525] systemd[1]: systemd 237 running in system mode. (+PAM +AUDIT +SELINUX +IMA +APPARMOR +SMACK +SYSVINIT +UTMP +LIBCRYPTSETUP +GCRYPT +GNUTLS +ACL +XZ +LZ4 +SECCOMP +BLKID +ELFUTILS +KMOD -IDN2 +IDN -PCRE2 default-hierarchy=hybrid)
[    6.778559] systemd[1]: Detected virtualization oracle.
[    6.782528] systemd[1]: Detected architecture x86-64.

Welcome to [1mUbuntu 18.04.3 LTS[0m!

[    6.829912] systemd[1]: Set hostname to <ubuntu>.
[    6.851979] systemd[1]: Initializing machine ID from random generator.
[    6.856898] systemd[1]: Installed transient /etc/machine-id file.
[    7.596452] random: crng init done
[    7.599213] random: 7 urandom warning(s) missed due to ratelimiting
[    8.165323] systemd[1]: Created slice System Slice.
[[0;32m  OK  [0m] Created slice System Slice.
[    8.169308] systemd[1]: Listening on /dev/initctl Compatibility Named Pipe.
[[0;32m  OK  [0m] Listening on /dev/initctl Compatibility Named Pipe.
[    8.173327] systemd[1]: Reached target System Time Synchronized.
[[0;32m  OK  [0m] Reached target System Time Synchronized.
[    8.177082] systemd[1]: Listening on Syslog Socket.
[[0;32m  OK  [0m] Listening on Syslog Socket.
[[0;32m  OK  [0m] Listening on Journal Audit Socket.
[[0;32m  OK  [0m] Listening on udev Control Socket.
[[0;32m  OK  [0m] Listening on LVM2 metadata daemon socket.
[[0;32m  OK  [0m] Listening on udev Kernel Socket.
[[0;32m  OK  [0m] Listening on Journal Socket.
         Starting Create list of required stâ€¦ce nodes for the current kernel...
         Starting Uncomplicated firewall...
[[0;32m  OK  [0m] Started Forward Password Requests to Wall Directory Watch.
[[0;32m  OK  [0m] Listening on Device-mapper event daemon FIFOs.
         Starting Load Kernel Modules...
         Mounting Huge Pages File System...
         Mounting Kernel Debug File System...
         Starting Remount Root and Kernel File Systems...
[[0;32m  OK  [0m] Listening on LVM2 poll daemon socket.
[[0;32m  OK  [0m] Listening on Journal Socket (/dev/log).
         Starting Journal Service...
[[0;32m  OK  [0m] Reached target Swap.
[[0;32m  OK  [0m] Listening on Network Service Netlink Socket.
         Starting Monitoring of LVM2 mirrorsâ€¦ng dmeventd or progress polling...
[    8.309170] Loading iSCSI transport class v2.0-870.
[[0;32m  OK  [0m] Set up automount Arbitrary Executabâ€¦rmats File System Automount Point.
[    8.347047] iscsi: registered transport (tcp)
[    8.386226] EXT4-fs (sda1): re-mounted. Opts: (null)
[[0;32m  OK  [0m] Reached target User and Group Name Lookups.
         Starting Set the console keyboard layout...
         Mounting POSIX Message Queue File System...
[[0;32m  OK  [0m] Created slice system-serial\x2dgetty.slice.
         Starting udev Coldplug all Devices...
[[0;32m  OK  [0m] Created slice User and Session Slice.
[[0;32m  OK  [0m] Reached target Slices.
[[0;32m  OK  [0m] Started Create list of required staâ€¦vice nodes for the current kernel.
[[0;32m  OK  [0m] Started Uncomplicated firewall.
[[0;32m  OK  [0m] Mounted Huge Pages File System.
[[0;32m  OK  [0m] Mounted Kernel Debug File System.
[[0;32m  OK  [0m] Started Remount Root and Kernel File Systems.
[[0;32m  OK  [0m] Mounted POSIX Message Queue File System.
[    8.531651] iscsi: registered transport (iser)
         Starting Load/Save Random Seed...
         Starting Create Static Device Nodes in /dev...
[[0;32m  OK  [0m] Started Load Kernel Modules.
         Mounting FUSE Control File System...
         Mounting Kernel Configuration File System...
         Starting Apply Kernel Variables...
[[0;32m  OK  [0m] Mounted FUSE Control File System.
[[0;32m  OK  [0m] Mounted Kernel Configuration File System.
[[0;32m  OK  [0m] Started LVM2 metadata daemon.
[[0;32m  OK  [0m] Started Journal Service.
         Starting Flush Journal to Persistent Storage...
[[0;32m  OK  [0m] Started Load/Save Random Seed.
[[0;32m  OK  [0m] Started udev Coldplug all Devices.
[[0;32m  OK  [0m] Started Create Static Device Nodes in /dev.
[[0;32m  OK  [0m] Started Apply Kernel Variables.
         Starting udev Kernel Device Manager...
[[0;32m  OK  [0m] Started Monitoring of LVM2 mirrors,â€¦sing dmeventd or progress polling.
[[0;32m  OK  [0m] Started Flush Journal to Persistent Storage.
[[0;32m  OK  [0m] Started udev Kernel Device Manager.
[[0;32m  OK  [0m] Found device /dev/ttyS0.
[[0;32m  OK  [0m] Listening on Load/Save RF Kill Switch Status /dev/rfkill Watch.
[[0;32m  OK  [0m] Started Set the console keyboard layout.
[[0;32m  OK  [0m] Reached target Local File Systems (Pre).
[[0;32m  OK  [0m] Reached target Local File Systems.
         Starting AppArmor initialization...
         Starting ebtables ruleset management...
         Starting Set console font and keymap...
         Starting Tell Plymouth To Write Out Runtime Data...
         Starting Create Volatile Files and Directories...
         Starting Commit a transient machine-id on disk...
[[0;32m  OK  [0m] Started Dispatch Password Requests to Console Directory Watch.
[[0;32m  OK  [0m] Reached target Local Encrypted Volumes.
[[0;32m  OK  [0m] Started Tell Plymouth To Write Out Runtime Data.
[[0;32m  OK  [0m] Started Set console font and keymap.
[[0;32m  OK  [0m] Started Create Volatile Files and Directories.
         Starting Update UTMP about System Boot/Shutdown...
[[0;32m  OK  [0m] Started Update UTMP about System Boot/Shutdown.
[[0;32m  OK  [0m] Started Commit a transient machine-id on disk.
[[0;32m  OK  [0m] Started ebtables ruleset management.
[[0;32m  OK  [0m] Started AppArmor initialization.
         Starting Initial cloud-init job (pre-networking)...
[   16.592776] cloud-init[655]: Cloud-init v. 19.2-24-ge7881d5c-0ubuntu1~18.04.1 running 'init-local' at Wed, 25 Sep 2019 17:03:07 +0000. Up 15.79 seconds.
[[0;32m  OK  [0m] Started Initial cloud-init job (pre-networking).
[[0;32m  OK  [0m] Reached target Network (Pre).
         Starting Network Service...
[[0;32m  OK  [0m] Started Network Service.
         Starting Wait for Network to be Configured...
         Starting Network Name Resolution...
[[0;32m  OK  [0m] Started Network Name Resolution.
[[0;32m  OK  [0m] Reached target Host and Network Name Lookups.
[[0;32m  OK  [0m] Reached target Network.
[[0;32m  OK  [0m] Started Wait for Network to be Configured.
         Starting Initial cloud-init job (metadata service crawler)...
[   18.805523] cloud-init[761]: Cloud-init v. 19.2-24-ge7881d5c-0ubuntu1~18.04.1 running 'init' at Wed, 25 Sep 2019 17:03:10 +0000. Up 18.63 seconds.
[   18.816182] cloud-init[761]: ci-info: ++++++++++++++++++++++++++++++++++++++Net device info++++++++++++++++++++++++++++++++++++++
[   18.817609] cloud-init[761]: ci-info: +--------+------+----------------------------+---------------+--------+-------------------+
[   18.819183] cloud-init[761]: ci-info: | Device |  Up  |          Address           |      Mask     | Scope  |     Hw-Address    |
[   18.820402] cloud-init[761]: ci-info: +--------+------+----------------------------+---------------+--------+-------------------+
[   18.832119] cloud-init[761]: ci-info: | enp0s3 | True |         10.0.2.15          | 255.255.255.0 | global | 02:ab:ce:93:e0:e3 |
[   18.834005] cloud-init[761]: ci-info: | enp0s3 | True | fe80::ab:ceff:fe93:e0e3/64 |       .       |  link  | 02:ab:ce:93:e0:e3 |
[   18.835672] cloud-init[761]: ci-info: |   lo   | True |         127.0.0.1          |   255.0.0.0   |  host  |         .         |
[   18.837285] cloud-init[761]: ci-info: |   lo   | True |          ::1/128           |       .       |  host  |         .         |
[   18.838569] cloud-init[761]: ci-info: +--------+------+----------------------------+---------------+--------+-------------------+
[   18.839955] cloud-init[761]: ci-info: ++++++++++++++++++++++++++++Route IPv4 info+++++++++++++++++++++++++++++
[   18.840857] cloud-init[761]: ci-info: +-------+-------------+----------+-----------------+-----------+-------+
[   18.852178] cloud-init[761]: ci-info: | Route | Destination | Gateway  |     Genmask     | Interface | Flags |
[   18.853264] cloud-init[761]: ci-info: +-------+-------------+----------+-----------------+-----------+-------+
[   18.854352] cloud-init[761]: ci-info: |   0   |   0.0.0.0   | 10.0.2.2 |     0.0.0.0     |   enp0s3  |   UG  |
[   18.855641] cloud-init[761]: ci-info: |   1   |   10.0.2.0  | 0.0.0.0  |  255.255.255.0  |   enp0s3  |   U   |
[   18.856811] cloud-init[761]: ci-info: |   2   |   10.0.2.2  | 0.0.0.0  | 255.255.255.255 |   enp0s3  |   UH  |
[   18.868678] cloud-init[761]: ci-info: +-------+-------------+----------+-----------------+-----------+-------+
[   18.880417] cloud-init[761]: ci-info: +++++++++++++++++++Route IPv6 info+++++++++++++++++++
[   18.892821] cloud-init[761]: ci-info: +-------+-------------+---------+-----------+-------+
[   18.908855] cloud-init[761]: ci-info: | Route | Destination | Gateway | Interface | Flags |
[   18.920172] cloud-init[761]: ci-info: +-------+-------------+---------+-----------+-------+
[   18.932513] cloud-init[761]: ci-info: |   1   |  fe80::/64  |    ::   |   enp0s3  |   U   |
[   18.944791] cloud-init[761]: ci-info: |   3   |    local    |    ::   |   enp0s3  |   U   |
[   18.947877] cloud-init[761]: ci-info: |   4   |   ff00::/8  |    ::   |   enp0s3  |   U   |
[   18.965749] cloud-init[761]: ci-info: +-------+-------------+---------+-----------+-------+
[   20.733055] cloud-init[761]: Generating public/private rsa key pair.
[   20.733665] cloud-init[761]: Your identification has been saved in /etc/ssh/ssh_host_rsa_key.
[   20.744350] cloud-init[761]: Your public key has been saved in /etc/ssh/ssh_host_rsa_key.pub.
[   20.745195] cloud-init[761]: The key fingerprint is:
[   20.745608] cloud-init[761]: SHA256:/sItbYWWdbkpuf/UMWXcqVnQc/vdSY0INIvqevkYpdo root@ubuntu-bionic
[   20.756527] cloud-init[761]: The key's randomart image is:
[   20.757052] cloud-init[761]: +---[RSA 2048]----+
[   20.757482] cloud-init[761]: |         .o  ..  |
[   20.772175] cloud-init[761]: |         ..o  .++|
[   20.772542] cloud-init[761]: |        . .. . =X|
[   20.772994] [cloud-init[761]: [0;32m  OK  [0m|       .    o B+o|] 
Started Initial cloud-init job (metadata service crawler).
[   20.773813] cloud-init[[761]: [0;32m  OK  [0m|      . S  + =.==|] 
Reached target Network is Online.
[   20.774649] cloud-init[761]: |     . +  + + o.B|
[   20.775001] cloud-init[761]: |      +o.+ . o  o|
[   20.788203]          cloud-initStarting Availability of block devices...[761]: 
|     +oo+.+ .  . |
[[0;32m  OK  [0m] Reached target Remote File Systems (Pre).
[   20.804325] cloud-init[761]: |    o.E..+.  ....|
[[0;32m  OK  [0m] Reached target Remote File Systems.
[   20.820501] [[0;32m  OK  [0m] Reached target Cloud-config availability.
[[0;32m  OK  [0m] Reached target System Initialization.
cloud-init[761]: +----[SHA256]-----+
[[0;32m  OK  [0m] Started ACPI Events Check.
[[0;32m  OK  [0m] Listening on D-Bus System Message Bus Socket.
[[0;32m  OK  [0m] Started Discard unused blocks once a week.
[[0;32m  OK  [0m] Listening on Open-iSCSI iscsid Socket.
[   20.836089] cloud-init[761]: Generating public/private dsa key pair.
[   20.856222] cloud-init[761]: Your identification has been saved in /etc/ssh/ssh_host_dsa_key.
[   20.857771] cloud-init[761]: Your public key has been saved in /etc/ssh/ssh_host_dsa_key.pub.
[   20.869356] cloud-init[761]: The key fingerprint is:
         Starting LXD - unix socket.
[   20.873166] cloud-init[761]: SHA256:3z0o8iYHBYMKQqr8lbhgDFJob13QDwSThoX8DDxudVY root@ubuntu-bionic
         Starting Socket activation for snappy daemon.
[   20.875248] [[0;32m  OK  [0m] Started Daily Cleanup of Temporary Directories.
[[0;32m  OK  [0m] Listening on UUID daemon activation socket.
[[0;32m  OK  [0m] Listening on ACPID Listen Socket.
[[0;32m  OK  [0m] Reached target Paths.
[[0;32m  OK  [0m] Started Message of the Day.
[[0;32m  OK  [0m] Started Daily apt download activities.
cloud-init[761]: The key's randomart image is:
[[0;32m  OK  [0m] Started Daily apt upgrade and clean activities.
[[0;32m  OK  [0m] Reached target Timers.
[   20.896078] cloud-init[761]: [[0;32m  OK  [0m] Started Availability of block devices.
[[0;32m  OK  [0m] Listening on LXD - unix socket.
[[0;32m  OK  [0m] Listening on Socket activation for snappy daemon.
[[0;32m  OK  [0m] Reached target Sockets.
[[0;32m  OK  [0m] Reached target Basic System.
+---[DSA 1024]----+
[   20.916263] [[0;32m  OK  [0m] Started Regular background program processing daemon.
cloud-init[761]: |.o+ +=*o.E       |
         Starting LSB: Record successful boot for GRUB...
[   20.928219] cloud-init[761]: |+o.B +o*o        |
[   20.940542] cloud-init[761]: |=.o.O.+ oo       |
[   20.941293] cloud-init[761]: |*  =o+.  ..      |
[   20.956651] cloud-init[761]: |.=o. o  S.       |
[   20.969259] cloud-init[761]: |. o o   .. . o   |
[   20.980504] cloud-init[761]: |   o    ..o o o  |
[   20.982128] cloud-init         Starting Dispatcher daemon for systemd-networkd...
[761]: |        .oo.   . |
         Starting System Logging Service...
[   20.992657] cloud-init[761]: |         +.      |
[   21.000633] cloud-init[761]: +----[SHA256]-----+
[   21.002506] cloud-init[761]: Generating public/private ecdsa key pair.
[   21.012186] cloud-init[761]: Your identification has been saved in /etc/ssh/ssh_host_ecdsa_key.
[   21.024590] cloud-init[761]: Your public key has been saved in /etc/ssh/ssh_host_ecdsa_key.pub.
[   21.036917] cloud-init[761]: The key fingerprint is:
[   21.049027] cloud-init[761]: SHA256:EKdirg+T7xa4Y6BgwBnJT2rvryx5VeZi6pL9aDoTKBk root@ubuntu-bionic
[   21.064216] cloud-init[761]: The key's randomart image is:
[   21.064775] cloud-init[761]: +---[ECDSA 256]---+
[   21.065286] cloud-init[761]: |. .   . .        |
         Starting Pollinate to seed the pseudo random number generator...
         Starting Login Service...
[   21.082719] cloud-init[761]: | + .   +         |
[   21.090818] cloud-init[761]: |. * o o          |
[   21.091537] cloud-init[761]: |E= + . +         |
[   21.092275] cloud-init[761]: |+o... + S        |
[   21.092947] cloud-init[761]: |*o.+.+ .         |
[   21.093558] cloud-init[761]: |=.@.+..          |
[[0;32m  OK  [0m] Started irqbalance daemon.
         Starting LSB: automatic crash report generation...
[[0;32m  OK  [0m] Started FUSE filesystem for LXC.
[   21.099486] cloud-init[761]: |.B=@o            |
[   21.105958] cloud-init[761]: | oXOBo           |
[   21.106484] cloud-init[761]: +----[SHA256]-----+
[   21.116310] cloud-init[761]: Generating public/private ed25519 key pair.
[   21.116904] cloud-init[761]: Your identification has been saved in /etc/ssh/ssh_host_ed25519_key.
[   21.128504] cloud-init[761]: Your public key has been saved in /etc/ssh/ssh_host_ed25519_key.pub.
[   21.140385] cloud-init[761]: The key fingerprint is:
[   21.140966] cloud-init[761]: SHA256:nEIOHWhqEgpMBeGcuGfYqqWERNkIE7EJHzszHKhlx3A root@ubuntu-bionic
[   21.141609] cloud-init[761]: The key's randomart image is:
[   21.152526] cloud-init[761]: +--[ED25519 256]--+
[   21.153337] cloud-init[761]: |OBB+E..          |
[   21.154167] cloud-init[761]: |XBB==. .         |
[   21.154862] cloud-init[761]: |B@B=. o          |
[   21.155530] cloud-init[761]: |=+o+ + . .       |
[   21.156239] cloud-init[761]: |o++   o S        |
[   21.157008] cloud-init[761]: |o+     .         |
[   21.159781] cloud-init[761]: |o..              |
[   21.160435] cloud-init[761]: |oo               |
[   21.162015] cloud-init[761]: |o                |
[   21.162772] cloud-init[761]: +----[SHA256]-----+
         Starting Snappy daemon...
         Starting Permit User Sessions...
         Starting Virtualbox guest utils...
         Starting Accounts Service...
[[0;32m  OK  [0m] Started D-Bus System Message Bus.
[[0;32m  OK  [0m] Started Login Service.
[[0;32m  OK  [0m] Started Unattended Upgrades Shutdown.
[[0;32m  OK  [0m] Started Deferred execution scheduler.
         Starting LXD - container startup/shutdown...
[[0;32m  OK  [0m] Started System Logging Service.
[[0;32m  OK  [0m] Started Permit User Sessions.
         Starting Terminate Plymouth Boot Screen...
         Starting Hold until boot process finishes up...
[[0;32m  OK  [0m] Started Hold until boot process finishes up.
[[0;32m  OK  [0m] Started Terminate Plymouth Boot Screen.
         Starting Set console scheme...
[[0;32m  OK  [0m] Started Serial Getty on ttyS0.
[[0;32m  OK  [0m] Started LSB: automatic crash report generation.
[[0;32m  OK  [0m] Started Set console scheme.
[[0;32m  OK  [0m] Created slice system-getty.slice.
[[0;32m  OK  [0m] Started Getty on tty1.
[[0;32m  OK  [0m] Reached target Login Prompts.
         Starting Authorization Manager...
[[0;32m  OK  [0m] Started LSB: Record successful boot for GRUB.
[[0;32m  OK  [0m] Started Dispatcher daemon for systemd-networkd.
[[0;32m  OK  [0m] Started Authorization Manager.
[[0;32m  OK  [0m] Started Accounts Service.
[[0;32m  OK  [0m] Started Virtualbox guest utils.
[[0;32m  OK  [0m] Started LXD - container startup/shutdown.
[[0;32m  OK  [0m] Started Pollinate to seed the pseudo random number generator.
         Starting OpenBSD Secure Shell server...
[[0;32m  OK  [0m] Started OpenBSD Secure Shell server.
[[0;32m  OK  [0m] Started Snappy daemon.
         Starting Wait until snapd is fully seeded...
[[0;32m  OK  [0m] Started Wait until snapd is fully seeded.
[[0;32m  OK  [0m] Reached target Multi-User System.
[[0;32m  OK  [0m] Reached target Graphical Interface.
         Starting Update UTMP about System Runlevel Changes...
         Starting Apply the settings specified in cloud-config...
[[0;32m  OK  [0m] Started Update UTMP about System Runlevel Changes.

Ubuntu 18.04.3 LTS ubuntu-bionic ttyS0

ubuntu-bionic login: [   28.665298] cloud-init[1326]: Cloud-init v. 19.2-24-ge7881d5c-0ubuntu1~18.04.1 running 'modules:config' at Wed, 25 Sep 2019 17:03:19 +0000. Up 27.23 seconds.
ci-info: no authorized ssh keys fingerprints found for user ubuntu.
<14>Sep 25 17:03:21 ec2: 
<14>Sep 25 17:03:21 ec2: #############################################################
<14>Sep 25 17:03:21 ec2: -----BEGIN SSH HOST KEY FINGERPRINTS-----
<14>Sep 25 17:03:21 ec2: 1024 SHA256:3z0o8iYHBYMKQqr8lbhgDFJob13QDwSThoX8DDxudVY root@ubuntu-bionic (DSA)
<14>Sep 25 17:03:21 ec2: 256 SHA256:EKdirg+T7xa4Y6BgwBnJT2rvryx5VeZi6pL9aDoTKBk root@ubuntu-bionic (ECDSA)
<14>Sep 25 17:03:21 ec2: 256 SHA256:nEIOHWhqEgpMBeGcuGfYqqWERNkIE7EJHzszHKhlx3A root@ubuntu-bionic (ED25519)
<14>Sep 25 17:03:21 ec2: 2048 SHA256:/sItbYWWdbkpuf/UMWXcqVnQc/vdSY0INIvqevkYpdo root@ubuntu-bionic (RSA)
<14>Sep 25 17:03:21 ec2: -----END SSH HOST KEY FINGERPRINTS-----
<14>Sep 25 17:03:21 ec2: #############################################################
-----BEGIN SSH HOST KEY KEYS-----
ecdsa-sha2-nistp256 AAAAE2VjZHNhLXNoYTItbmlzdHAyNTYAAAAIbmlzdHAyNTYAAABBBNNyL6XIHxhQi9ehVBmyv/29jUqCBI4l9/Zy/nwADq6pXaMg3Gwl+FDDjexEYPESvy0nDskaZsTLUytvynQMTTs= root@ubuntu-bionic
ssh-ed25519 AAAAC3NzaC1lZDI1NTE5AAAAIDM0S8AFYRAi58AmxWf6tlTmrI+hsSEQqaJ2LYLma4fI root@ubuntu-bionic
ssh-rsa AAAAB3NzaC1yc2EAAAADAQABAAABAQDiRMU+ImtUbL4SzWYfWvBQJ/wdbBVq6jJqgUb6JDR2bh+/xSmRZhkHbqKQaS2sZ3YZMLY9ZwxyrbaqZwuZlf6+s+HU7ya4uqC5HxPNdLYY1VtH+zlOJHxIE0fJOBnto9cvbV2yLL2PYL7KijMM2VABgK6Hk029YlA6pJjh1d4YSw6hMoj75uvAYR8iY7UFsLzU3qt9AAO4qnj/iaVh8GJNlrkBkLkIY36oTCUM810jRMOG5s4899Ab89JervMWMcRGs/hLeIWnsodiEQZ+jxKdnrilxg3eNB8p1hchhZLkaijd2B7NzRdJ9z6ICe1Z2QMOeAAjw/q9a1mCxbL4RFjn root@ubuntu-bionic
-----END SSH HOST KEY KEYS-----
[   29.331658] cloud-init[1388]: Cloud-init v. 19.2-24-ge7881d5c-0ubuntu1~18.04.1 running 'modules:final' at Wed, 25 Sep 2019 17:03:20 +0000. Up 29.08 seconds.
[   29.332286] cloud-init[1388]: ci-info: no authorized ssh keys fingerprints found for user ubuntu.
[   29.332501] cloud-init[1388]: Cloud-init v. 19.2-24-ge7881d5c-0ubuntu1~18.04.1 finished at Wed, 25 Sep 2019 17:03:21 +0000. Datasource DataSourceNoCloud [seed=/dev/sdb][dsmode=net].  Up 29.32 seconds
